// Jest Snapshot v1, https://goo.gl/fbAQLP

exports[`renders Github Card component 1`] = `
<DocumentFragment>
  <div
    class="card"
  >
    <img
      alt="Photo"
      class="card-img-top"
      src=""
    />
    <div
      class="card-body"
    >
      <div
        class="card-title h5"
      >
        GitHub Username
      </div>
      <p
        class="card-text"
      >
        About me
      </p>
    </div>
  </div>
</DocumentFragment>
`;
